Archive member included to satisfy reference by file (symbol)

D:/STM32CubeIDE/STM32CubeIDE_1.17.0/STM32CubeIDE/plugins/com.st.stm32cube.ide.mcu.externaltools.gnu-tools-for-stm32.12.3.rel1.win32_1.1.0.202410251130/tools/bin/../lib/gcc/arm-none-eabi/12.3.1/../../../../arm-none-eabi/lib/thumb/v7e-m+fp/hard\libc_nano.a(libc_a-exit.o)
                              D:/STM32CubeIDE/STM32CubeIDE_1.17.0/STM32CubeIDE/plugins/com.st.stm32cube.ide.mcu.externaltools.gnu-tools-for-stm32.12.3.rel1.win32_1.1.0.202410251130/tools/bin/../lib/gcc/arm-none-eabi/12.3.1/../../../../arm-none-eabi/lib/thumb/v7e-m+fp/hard/crt0.o (exit)
D:/STM32CubeIDE/STM32CubeIDE_1.17.0/STM32CubeIDE/plugins/com.st.stm32cube.ide.mcu.externaltools.gnu-tools-for-stm32.12.3.rel1.win32_1.1.0.202410251130/tools/bin/../lib/gcc/arm-none-eabi/12.3.1/../../../../arm-none-eabi/lib/thumb/v7e-m+fp/hard\libc_nano.a(libc_a-findfp.o)
                              D:/STM32CubeIDE/STM32CubeIDE_1.17.0/STM32CubeIDE/plugins/com.st.stm32cube.ide.mcu.externaltools.gnu-tools-for-stm32.12.3.rel1.win32_1.1.0.202410251130/tools/bin/../lib/gcc/arm-none-eabi/12.3.1/../../../../arm-none-eabi/lib/thumb/v7e-m+fp/hard\libc_nano.a(libc_a-exit.o) (__stdio_exit_handler)
D:/STM32CubeIDE/STM32CubeIDE_1.17.0/STM32CubeIDE/plugins/com.st.stm32cube.ide.mcu.externaltools.gnu-tools-for-stm32.12.3.rel1.win32_1.1.0.202410251130/tools/bin/../lib/gcc/arm-none-eabi/12.3.1/../../../../arm-none-eabi/lib/thumb/v7e-m+fp/hard\libc_nano.a(libc_a-fwalk.o)
                              D:/STM32CubeIDE/STM32CubeIDE_1.17.0/STM32CubeIDE/plugins/com.st.stm32cube.ide.mcu.externaltools.gnu-tools-for-stm32.12.3.rel1.win32_1.1.0.202410251130/tools/bin/../lib/gcc/arm-none-eabi/12.3.1/../../../../arm-none-eabi/lib/thumb/v7e-m+fp/hard\libc_nano.a(libc_a-findfp.o) (_fwalk_sglue)
D:/STM32CubeIDE/STM32CubeIDE_1.17.0/STM32CubeIDE/plugins/com.st.stm32cube.ide.mcu.externaltools.gnu-tools-for-stm32.12.3.rel1.win32_1.1.0.202410251130/tools/bin/../lib/gcc/arm-none-eabi/12.3.1/../../../../arm-none-eabi/lib/thumb/v7e-m+fp/hard\libc_nano.a(libc_a-printf.o)
                              ./Device/AT24C02.o (printf)
D:/STM32CubeIDE/STM32CubeIDE_1.17.0/STM32CubeIDE/plugins/com.st.stm32cube.ide.mcu.externaltools.gnu-tools-for-stm32.12.3.rel1.win32_1.1.0.202410251130/tools/bin/../lib/gcc/arm-none-eabi/12.3.1/../../../../arm-none-eabi/lib/thumb/v7e-m+fp/hard\libc_nano.a(libc_a-puts.o)
                              ./Device/AT24C02.o (puts)
D:/STM32CubeIDE/STM32CubeIDE_1.17.0/STM32CubeIDE/plugins/com.st.stm32cube.ide.mcu.externaltools.gnu-tools-for-stm32.12.3.rel1.win32_1.1.0.202410251130/tools/bin/../lib/gcc/arm-none-eabi/12.3.1/../../../../arm-none-eabi/lib/thumb/v7e-m+fp/hard\libc_nano.a(libc_a-stdio.o)
                              D:/STM32CubeIDE/STM32CubeIDE_1.17.0/STM32CubeIDE/plugins/com.st.stm32cube.ide.mcu.externaltools.gnu-tools-for-stm32.12.3.rel1.win32_1.1.0.202410251130/tools/bin/../lib/gcc/arm-none-eabi/12.3.1/../../../../arm-none-eabi/lib/thumb/v7e-m+fp/hard\libc_nano.a(libc_a-findfp.o) (__sread)
D:/STM32CubeIDE/STM32CubeIDE_1.17.0/STM32CubeIDE/plugins/com.st.stm32cube.ide.mcu.externaltools.gnu-tools-for-stm32.12.3.rel1.win32_1.1.0.202410251130/tools/bin/../lib/gcc/arm-none-eabi/12.3.1/../../../../arm-none-eabi/lib/thumb/v7e-m+fp/hard\libc_nano.a(libc_a-wbuf.o)
                              D:/STM32CubeIDE/STM32CubeIDE_1.17.0/STM32CubeIDE/plugins/com.st.stm32cube.ide.mcu.externaltools.gnu-tools-for-stm32.12.3.rel1.win32_1.1.0.202410251130/tools/bin/../lib/gcc/arm-none-eabi/12.3.1/../../../../arm-none-eabi/lib/thumb/v7e-m+fp/hard\libc_nano.a(libc_a-puts.o) (__swbuf_r)
D:/STM32CubeIDE/STM32CubeIDE_1.17.0/STM32CubeIDE/plugins/com.st.stm32cube.ide.mcu.externaltools.gnu-tools-for-stm32.12.3.rel1.win32_1.1.0.202410251130/tools/bin/../lib/gcc/arm-none-eabi/12.3.1/../../../../arm-none-eabi/lib/thumb/v7e-m+fp/hard\libc_nano.a(libc_a-wsetup.o)
                              D:/STM32CubeIDE/STM32CubeIDE_1.17.0/STM32CubeIDE/plugins/com.st.stm32cube.ide.mcu.externaltools.gnu-tools-for-stm32.12.3.rel1.win32_1.1.0.202410251130/tools/bin/../lib/gcc/arm-none-eabi/12.3.1/../../../../arm-none-eabi/lib/thumb/v7e-m+fp/hard\libc_nano.a(libc_a-puts.o) (__swsetup_r)
D:/STM32CubeIDE/STM32CubeIDE_1.17.0/STM32CubeIDE/plugins/com.st.stm32cube.ide.mcu.externaltools.gnu-tools-for-stm32.12.3.rel1.win32_1.1.0.202410251130/tools/bin/../lib/gcc/arm-none-eabi/12.3.1/../../../../arm-none-eabi/lib/thumb/v7e-m+fp/hard\libc_nano.a(libc_a-memset.o)
                              D:/STM32CubeIDE/STM32CubeIDE_1.17.0/STM32CubeIDE/plugins/com.st.stm32cube.ide.mcu.externaltools.gnu-tools-for-stm32.12.3.rel1.win32_1.1.0.202410251130/tools/bin/../lib/gcc/arm-none-eabi/12.3.1/../../../../arm-none-eabi/lib/thumb/v7e-m+fp/hard/crt0.o (memset)
[...]
Memory Configuration

Name             Origin             Length             Attributes
CCMRAM           0x10000000         0x00010000         xrw
RAM              0x20000000         0x00020000         xrw
FLASH            0x08000000         0x00080000         xr
*default*        0x00000000         0xffffffff

Linker script and memory map

LOAD D:/STM32CubeIDE/STM32CubeIDE_1.17.0/STM32CubeIDE/plugins/com.st.stm32cube.ide.mcu.externaltools.gnu-tools-for-stm32.12.3.rel1.win32_1.1.0.202410251130/tools/bin/../lib/gcc/arm-none-eabi/12.3.1/thumb/v7e-m+fp/hard/crti.o
LOAD D:/STM32CubeIDE/STM32CubeIDE_1.17.0/STM32CubeIDE/plugins/com.st.stm32cube.ide.mcu.externaltools.gnu-tools-for-stm32.12.3.rel1.win32_1.1.0.202410251130/tools/bin/../lib/gcc/arm-none-eabi/12.3.1/thumb/v7e-m+fp/hard/crtbegin.o
LOAD D:/STM32CubeIDE/STM32CubeIDE_1.17.0/STM32CubeIDE/plugins/com.st.stm32cube.ide.mcu.externaltools.gnu-tools-for-stm32.12.3.rel1.win32_1.1.0.202410251130/tools/bin/../lib/gcc/arm-none-eabi/12.3.1/../../../../arm-none-eabi/lib/thumb/v7e-m+fp/hard/crt0.o
LOAD ./Core/Src/crc.o
LOAD ./Core/Src/dma.o
LOAD ./Core/Src/gpio.o
LOAD ./Core/Src/i2c.o
LOAD ./Core/Src/main.o
LOAD ./Core/Src/stm32f4xx_hal_msp.o
LOAD ./Core/Src/stm32f4xx_it.o
LOAD ./Core/Src/syscalls.o
LOAD ./Core/Src/sysmem.o
LOAD ./Core/Src/system_stm32f4xx.o
LOAD ./Core/Src/usart.o
LOAD ./Core/Startup/startup_stm32f407vetx.o
LOAD ./Device/AT24C02.o
LOAD ./Device/ProtocolProcessing.o
LOAD ./Device/SoftwareCRC.o
LOAD ./Drivers/STM32F4xx_HAL_Driver/Src/stm32f4xx_hal.o
LOAD ./Drivers/STM32F4xx_HAL_Driver/Src/stm32f4xx_hal_cortex.o
LOAD ./Drivers/STM32F4xx_HAL_Driver/Src/stm32f4xx_hal_crc.o
LOAD ./Drivers/STM32F4xx_HAL_Driver/Src/stm32f4xx_hal_dma.o
LOAD ./Drivers/STM32F4xx_HAL_Driver/Src/stm32f4xx_hal_dma_ex.o
LOAD ./Drivers/STM32F4xx_HAL_Driver/Src/stm32f4xx_hal_exti.o
LOAD ./Drivers/STM32F4xx_HAL_Driver/Src/stm32f4xx_hal_flash.o
LOAD ./Drivers/STM32F4xx_HAL_Driver/Src/stm32f4xx_hal_flash_ex.o
LOAD ./Drivers/STM32F4xx_HAL_Driver/Src/stm32f4xx_hal_flash_ramfunc.o
LOAD ./Drivers/STM32F4xx_HAL_Driver/Src/stm32f4xx_hal_gpio.o
LOAD ./Drivers/STM32F4xx_HAL_Driver/Src/stm32f4xx_hal_i2c.o
LOAD ./Drivers/STM32F4xx_HAL_Driver/Src/stm32f4xx_hal_i2c_ex.o
LOAD ./Drivers/STM32F4xx_HAL_Driver/Src/stm32f4xx_hal_pwr.o
LOAD ./Drivers/STM32F4xx_HAL_Driver/Src/stm32f4xx_hal_pwr_ex.o
LOAD ./Drivers/STM32F4xx_HAL_Driver/Src/stm32f4xx_hal_rcc.o
LOAD ./Drivers/STM32F4xx_HAL_Driver/Src/stm32f4xx_hal_rcc_ex.o
LOAD ./Drivers/STM32F4xx_HAL_Driver/Src/stm32f4xx_hal_uart.o
START GROUP
LOAD D:/STM32CubeIDE/STM32CubeIDE_1.17.0/STM32CubeIDE/plugins/com.st.stm32cube.ide.mcu.externaltools.gnu-tools-for-stm32.12.3.rel1.win32_1.1.0.202410251130/tools/bin/../lib/gcc/arm-none-eabi/12.3.1/../../../../arm-none-eabi/lib/thumb/v7e-m+fp/hard\libc_nano.a
LOAD D:/STM32CubeIDE/STM32CubeIDE_1.17.0/STM32CubeIDE/plugins/com.st.stm32cube.ide.mcu.externaltools.gnu-tools-for-stm32.12.3.rel1.win32_1.1.0.202410251130/tools/bin/../lib/gcc/arm-none-eabi/12.3.1/../../../../arm-none-eabi/lib/thumb/v7e-m+fp/hard\libm.a
END GROUP
START GROUP
LOAD D:/STM32CubeIDE/STM32CubeIDE_1.17.0/STM32CubeIDE/plugins/com.st.stm32cube.ide.mcu.externaltools.gnu-tools-for-stm32.12.3.rel1.win32_1.1.0.202410251130/tools/bin/../lib/gcc/arm-none-eabi/12.3.1/thumb/v7e-m+fp/hard\libgcc.a
LOAD D:/STM32CubeIDE/STM32CubeIDE_1.17.0/STM32CubeIDE/plugins/com.st.stm32cube.ide.mcu.externaltools.gnu-tools-for-stm32.12.3.rel1.win32_1.1.0.202410251130/tools/bin/../lib/gcc/arm-none-eabi/12.3.1/../../../../arm-none-eabi/lib/thumb/v7e-m+fp/hard\libc_nano.a
END GROUP
START GROUP
LOAD D:/STM32CubeIDE/STM32CubeIDE_1.17.0/STM32CubeIDE/plugins/com.st.stm32cube.ide.mcu.externaltools.gnu-tools-for-stm32.12.3.rel1.win32_1.1.0.202410251130/tools/bin/../lib/gcc/arm-none-eabi/12.3.1/thumb/v7e-m+fp/hard\libgcc.a
LOAD D:/STM32CubeIDE/STM32CubeIDE_1.17.0/STM32CubeIDE/plugins/com.st.stm32cube.ide.mcu.externaltools.gnu-tools-for-stm32.12.3.rel1.win32_1.1.0.202410251130/tools/bin/../lib/gcc/arm-none-eabi/12.3.1/../../../../arm-none-eabi/lib/thumb/v7e-m+fp/hard\libc_nano.a
LOAD D:/STM32CubeIDE/STM32CubeIDE_1.17.0/STM32CubeIDE/plugins/com.st.stm32cube.ide.mcu.externaltools.gnu-tools-for-stm32.12.3.rel1.win32_1.1.0.202410251130/tools/bin/../lib/gcc/arm-none-eabi/12.3.1/../../../../arm-none-eabi/lib/thumb/v7e-m+fp/hard\libnosys.a
END GROUP
START GROUP
LOAD D:/STM32CubeIDE/STM32CubeIDE_1.17.0/STM32CubeIDE/plugins/com.st.stm32cube.ide.mcu.externaltools.gnu-tools-for-stm32.12.3.rel1.win32_1.1.0.202410251130/tools/bin/../lib/gcc/arm-none-eabi/12.3.1/thumb/v7e-m+fp/hard\libgcc.a
LOAD D:/STM32CubeIDE/STM32CubeIDE_1.17.0/STM32CubeIDE/plugins/com.st.stm32cube.ide.mcu.externaltools.gnu-tools-for-stm32.12.3.rel1.win32_1.1.0.202410251130/tools/bin/../lib/gcc/arm-none-eabi/12.3.1/../../../../arm-none-eabi/lib/thumb/v7e-m+fp/hard\libc_nano.a
LOAD D:/STM32CubeIDE/STM32CubeIDE_1.17.0/STM32CubeIDE/plugins/com.st.stm32cube.ide.mcu.externaltools.gnu-tools-for-stm32.12.3.rel1.win32_1.1.0.202410251130/tools/bin/../lib/gcc/arm-none-eabi/12.3.1/../../../../arm-none-eabi/lib/thumb/v7e-m+fp/hard\libnosys.a
END GROUP
LOAD D:/STM32CubeIDE/STM32CubeIDE_1.17.0/STM32CubeIDE/plugins/com.st.stm32cube.ide.mcu.externaltools.gnu-tools-for-stm32.12.3.rel1.win32_1.1.0.202410251130/tools/bin/../lib/gcc/arm-none-eabi/12.3.1/thumb/v7e-m+fp/hard/crtend.o
LOAD D:/STM32CubeIDE/STM32CubeIDE_1.17.0/STM32CubeIDE/plugins/com.st.stm32cube.ide.mcu.externaltools.gnu-tools-for-stm32.12.3.rel1.win32_1.1.0.202410251130/tools/bin/../lib/gcc/arm-none-eabi/12.3.1/thumb/v7e-m+fp/hard/crtn.o
                0x20020000                        _estack = (ORIGIN (RAM) + LENGTH (RAM))
                0x00000200                        _Min_Heap_Size = 0x200
                0x00000400                        _Min_Stack_Size = 0x400

.isr_vector     0x08000000      0x188
                0x08000000                        . = ALIGN (0x4)
 *(.isr_vector)
 .isr_vector    0x08000000      0x188 ./Core/Startup/startup_stm32f407vetx.o
                0x08000000                g_pfnVectors
                0x08000188                        . = ALIGN (0x4)

.text           0x08000188     0x3c54
                0x08000188                        . = ALIGN (0x4)
 *(.text)
 .text          0x08000188       0x40 D:/STM32CubeIDE/STM32CubeIDE_1.17.0/STM32CubeIDE/plugins/com.st.stm32cube.ide.mcu.externaltools.gnu-tools-for-stm32.12.3.rel1.win32_1.1.0.202410251130/tools/bin/../lib/gcc/arm-none-eabi/12.3.1/thumb/v7e-m+fp/hard/crtbegin.o
 .text          0x080001c8       0x30 D:/STM32CubeIDE/STM32CubeIDE_1.17.0/STM32CubeIDE/plugins/com.st.stm32cube.ide.mcu.externaltools.gnu-tools-for-stm32.12.3.rel1.win32_1.1.0.202410251130/tools/bin/../lib/gcc/arm-none-eabi/12.3.1/thumb/v7e-m+fp/hard\libgcc.a(_aeabi_uldivmod.o)
                0x080001c8                __aeabi_uldivmod
 .text          0x080001f8      0x2bc D:/STM32CubeIDE/STM32CubeIDE_1.17.0/STM32CubeIDE/plugins/com.st.stm32cube.ide.mcu.externaltools.gnu-tools-for-stm32.12.3.rel1.win32_1.1.0.202410251130/tools/bin/../lib/gcc/arm-none-eabi/12.3.1/thumb/v7e-m+fp/hard\libgcc.a(_udivmoddi4.o)
                0x080001f8                __udivmoddi4
 .text          0x080004b4        0x4 D:/STM32CubeIDE/STM32CubeIDE_1.17.0/STM32CubeIDE/plugins/com.st.stm32cube.ide.mcu.externaltools.gnu-tools-for-stm32.12.3.rel1.win32_1.1.0.202410251130/tools/bin/../lib/gcc/arm-none-eabi/12.3.1/thumb/v7e-m+fp/hard\libgcc.a(_dvmd_tls.o)
                0x080004b4                __aeabi_idiv0
                0x080004b4                __aeabi_ldiv0
 *(.text*)
 .text.MX_CRC_Init
                0x080004b8       0x28 ./Core/Src/crc.o
                0x080004b8                MX_CRC_Init
 .text.HAL_CRC_MspInit
                0x080004e0       0x44 ./Core/Src/crc.o
                0x080004e0                HAL_CRC_MspInit
 .text.MX_DMA_Init
                0x08000524       0x40 ./Core/Src/dma.o
                0x08000524                MX_DMA_Init
 .text.MX_GPIO_Init
                0x08000564       0xe8 ./Core/Src/gpio.o
                0x08000564                MX_GPIO_Init
 .text.MX_I2C1_Init
                0x0800064c       0x5c ./Core/Src/i2c.o
                0x0800064c                MX_I2C1_Init
 .text.HAL_I2C_MspInit
                0x080006a8       0x90 ./Core/Src/i2c.o
                0x080006a8                HAL_I2C_MspInit
 .text.HAL_GPIO_EXTI_Callback
                0x08000738       0x4c ./Core/Src/main.o
                0x08000738                HAL_GPIO_EXTI_Callback
 .text.HAL_UARTEx_RxEventCallback
                0x08000784       0x58 ./Core/Src/main.o
                0x08000784                HAL_UARTEx_RxEventCallback
 .text.main     0x080007dc       0x78 ./Core/Src/main.o
                0x080007dc                main
 .text.SystemClock_Config
                0x08000854       0xd4 ./Core/Src/main.o
                0x08000854                SystemClock_Config
 .text.Error_Handler
                0x08000928        0xc ./Core/Src/main.o
                0x08000928                Error_Handler
 .text.HAL_MspInit
                0x08000934       0x50 ./Core/Src/stm32f4xx_hal_msp.o
                0x08000934                HAL_MspInit
 .text.NMI_Handler
                0x08000984        0x8 ./Core/Src/stm32f4xx_it.o
                0x08000984                NMI_Handler
 .text.HardFault_Handler
                0x0800098c        0x8 ./Core/Src/stm32f4xx_it.o
                0x0800098c                HardFault_Handler
 .text.MemManage_Handler
                0x08000994        0x8 ./Core/Src/stm32f4xx_it.o
                0x08000994                MemManage_Handler
 .text.BusFault_Handler
                0x0800099c        0x8 ./Core/Src/stm32f4xx_it.o
                0x0800099c                BusFault_Handler
 .text.UsageFault_Handler
                0x080009a4        0x8 ./Core/Src/stm32f4xx_it.o
                0x080009a4                UsageFault_Handler
 .text.SVC_Handler
                0x080009ac        0xe ./Core/Src/stm32f4xx_it.o
                0x080009ac                SVC_Handler
 .text.DebugMon_Handler
                0x080009ba        0xe ./Core/Src/stm32f4xx_it.o
                0x080009ba                DebugMon_Handler
 .text.PendSV_Handler
                0x080009c8        0xe ./Core/Src/stm32f4xx_it.o
                0x080009c8                PendSV_Handler
 .text.SysTick_Handler
                0x080009d6        0xc ./Core/Src/stm32f4xx_it.o
                0x080009d6                SysTick_Handler
 .text.EXTI0_IRQHandler
                0x080009e2        0xe ./Core/Src/stm32f4xx_it.o
                0x080009e2                EXTI0_IRQHandler
 .text.USART1_IRQHandler
                0x080009f0       0x14 ./Core/Src/stm32f4xx_it.o
                0x080009f0                USART1_IRQHandler
 .text.DMA2_Stream5_IRQHandler
                0x08000a04       0x14 ./Core/Src/stm32f4xx_it.o
                0x08000a04                DMA2_Stream5_IRQHandler
 .text.SystemInit
                0x08000a18       0x24 ./Core/Src/system_stm32f4xx.o
                0x08000a18                SystemInit
 .text.MX_USART1_UART_Init
                0x08000a3c       0x54 ./Core/Src/usart.o
                0x08000a3c                MX_USART1_UART_Init
 .text.MX_USART6_UART_Init
                0x08000a90       0x54 ./Core/Src/usart.o
                0x08000a90                MX_USART6_UART_Init
 .text.HAL_UART_MspInit
                0x08000ae4      0x17c ./Core/Src/usart.o
                0x08000ae4                HAL_UART_MspInit
 .text.Reset_Handler
                0x08000c60       0x50 ./Core/Startup/startup_stm32f407vetx.o
                0x08000c60                Reset_Handler
 .text.Default_Handler
                0x08000cb0        0x2 ./Core/Startup/startup_stm32f407vetx.o
                0x08000cb0                RTC_Alarm_IRQHandler
                0x08000cb0                HASH_RNG_IRQHandler
                0x08000cb0                EXTI2_IRQHandler
                0x08000cb0                TIM8_CC_IRQHandler
                0x08000cb0                TIM1_CC_IRQHandler
                0x08000cb0                DMA1_Stream5_IRQHandler
                0x08000cb0                PVD_IRQHandler
                0x08000cb0                SDIO_IRQHandler
                0x08000cb0                TAMP_STAMP_IRQHandler
                0x08000cb0                CAN2_RX1_IRQHandler
                0x08000cb0                EXTI3_IRQHandler
                0x08000cb0                TIM8_TRG_COM_TIM14_IRQHandler
                0x08000cb0                TIM1_UP_TIM10_IRQHandler
                0x08000cb0                TIM8_UP_TIM13_IRQHandler
                0x08000cb0                I2C3_ER_IRQHandler
                0x08000cb0                I2C2_EV_IRQHandler
                0x08000cb0                DMA1_Stream2_IRQHandler
                0x08000cb0                CAN1_RX0_IRQHandler
                0x08000cb0                FPU_IRQHandler
                0x08000cb0                OTG_HS_WKUP_IRQHandler
                0x08000cb0                CAN2_SCE_IRQHandler
                0x08000cb0                DMA2_Stream2_IRQHandler
                0x08000cb0                SPI1_IRQHandler
                0x08000cb0                TIM6_DAC_IRQHandler
                0x08000cb0                TIM1_BRK_TIM9_IRQHandler
                0x08000cb0                DCMI_IRQHandler
                0x08000cb0                CAN2_RX0_IRQHandler
                0x08000cb0                DMA2_Stream3_IRQHandler
                0x08000cb0                USART6_IRQHandler
                0x08000cb0                USART3_IRQHandler
                0x08000cb0                CAN1_RX1_IRQHandler
                0x08000cb0                UART5_IRQHandler
                0x08000cb0                DMA2_Stream0_IRQHandler
                0x08000cb0                TIM4_IRQHandler
                0x08000cb0                I2C1_EV_IRQHandler
                0x08000cb0                DMA1_Stream6_IRQHandler
                0x08000cb0                DMA1_Stream1_IRQHandler
                0x08000cb0                UART4_IRQHandler
                0x08000cb0                TIM3_IRQHandler
                0x08000cb0                RCC_IRQHandler
                0x08000cb0                TIM8_BRK_TIM12_IRQHandler
                0x08000cb0                Default_Handler
                0x08000cb0                EXTI15_10_IRQHandler
                0x08000cb0                ADC_IRQHandler
                0x08000cb0                DMA1_Stream7_IRQHandler
                0x08000cb0                TIM7_IRQHandler
                0x08000cb0                CAN2_TX_IRQHandler
                0x08000cb0                TIM5_IRQHandler
                0x08000cb0                DMA2_Stream7_IRQHandler
                0x08000cb0                I2C3_EV_IRQHandler
                0x08000cb0                EXTI9_5_IRQHandler
                0x08000cb0                RTC_WKUP_IRQHandler
                0x08000cb0                ETH_WKUP_IRQHandler
                0x08000cb0                SPI2_IRQHandler
                0x08000cb0                OTG_HS_EP1_IN_IRQHandler
                0x08000cb0                DMA1_Stream0_IRQHandler
                0x08000cb0                CAN1_TX_IRQHandler
                0x08000cb0                EXTI4_IRQHandler
                0x08000cb0                FSMC_IRQHandler
                0x08000cb0                ETH_IRQHandler
                0x08000cb0                OTG_HS_EP1_OUT_IRQHandler
                0x08000cb0                WWDG_IRQHandler
                0x08000cb0                TIM2_IRQHandler
                0x08000cb0                OTG_FS_WKUP_IRQHandler
                0x08000cb0                TIM1_TRG_COM_TIM11_IRQHandler
                0x08000cb0                OTG_HS_IRQHandler
                0x08000cb0                EXTI1_IRQHandler
                0x08000cb0                USART2_IRQHandler
                0x08000cb0                I2C2_ER_IRQHandler
                0x08000cb0                DMA2_Stream1_IRQHandler
                0x08000cb0                CAN1_SCE_IRQHandler
                0x08000cb0                FLASH_IRQHandler
                0x08000cb0                DMA2_Stream4_IRQHandler
                0x08000cb0                OTG_FS_IRQHandler
                0x08000cb0                SPI3_IRQHandler
                0x08000cb0                DMA1_Stream4_IRQHandler
                0x08000cb0                I2C1_ER_IRQHandler
                0x08000cb0                DMA2_Stream6_IRQHandler
                0x08000cb0                DMA1_Stream3_IRQHandler
 .text.CharReverse16
                0x08000cb2       0x2a ./Device/ProtocolProcessing.o
                0x08000cb2                CharReverse16
 .text.frame_send
                0x08000cdc      0x11c ./Device/ProtocolProcessing.o
                0x08000cdc                frame_send
 .text.CMD_ReadButtonStatus
                0x08000df8       0x74 ./Device/ProtocolProcessing.o
                0x08000df8                CMD_ReadButtonStatus
 .text.HAL_Init
                0x08000e6c       0x44 ./Drivers/STM32F4xx_HAL_Driver/Src/stm32f4xx_hal.o
                0x08000e6c                HAL_Init
 .text.HAL_InitTick
                0x08000eb0       0x60 ./Drivers/STM32F4xx_HAL_Driver/Src/stm32f4xx_hal.o
                0x08000eb0                HAL_InitTick
 .text.HAL_IncTick
                0x08000f10       0x28 ./Drivers/STM32F4xx_HAL_Driver/Src/stm32f4xx_hal.o
                0x08000f10                HAL_IncTick
 .text.HAL_GetTick
                0x08000f38       0x18 ./Drivers/STM32F4xx_HAL_Driver/Src/stm32f4xx_hal.o
                0x08000f38                HAL_GetTick
 .text.HAL_Delay
                0x08000f50       0x48 ./Drivers/STM32F4xx_HAL_Driver/Src/stm32f4xx_hal.o
                0x08000f50                HAL_Delay
 .text.__NVIC_SetPriorityGrouping
                0x08000f98       0x48 ./Drivers/STM32F4xx_HAL_Driver/Src/stm32f4xx_hal_cortex.o
 .text.__NVIC_GetPriorityGrouping
                0x08000fe0       0x1c ./Drivers/STM32F4xx_HAL_Driver/Src/stm32f4xx_hal_cortex.o
 .text.__NVIC_EnableIRQ
                0x08000ffc       0x3c ./Drivers/STM32F4xx_HAL_Driver/Src/stm32f4xx_hal_cortex.o
 .text.__NVIC_SetPriority
                0x08001038       0x54 ./Drivers/STM32F4xx_HAL_Driver/Src/stm32f4xx_hal_cortex.o
 .text.NVIC_EncodePriority
                0x0800108c       0x66 ./Drivers/STM32F4xx_HAL_Driver/Src/stm32f4xx_hal_cortex.o
 *fill*         0x080010f2        0x2 
 .text.SysTick_Config
                0x080010f4       0x44 ./Drivers/STM32F4xx_HAL_Driver/Src/stm32f4xx_hal_cortex.o
 .text.HAL_NVIC_SetPriorityGrouping
                0x08001138       0x16 ./Drivers/STM32F4xx_HAL_Driver/Src/stm32f4xx_hal_cortex.o
                0x08001138                HAL_NVIC_SetPriorityGrouping
 .text.HAL_NVIC_SetPriority
                0x0800114e       0x38 ./Drivers/STM32F4xx_HAL_Driver/Src/stm32f4xx_hal_cortex.o
                0x0800114e                HAL_NVIC_SetPriority
 .text.HAL_NVIC_EnableIRQ
                0x08001186       0x1c ./Drivers/STM32F4xx_HAL_Driver/Src/stm32f4xx_hal_cortex.o
                0x08001186                HAL_NVIC_EnableIRQ
 .text.HAL_SYSTICK_Config
                0x080011a2       0x18 ./Drivers/STM32F4xx_HAL_Driver/Src/stm32f4xx_hal_cortex.o
                0x080011a2                HAL_SYSTICK_Config
 .text.HAL_CRC_Init
                0x080011ba       0x38 ./Drivers/STM32F4xx_HAL_Driver/Src/stm32f4xx_hal_crc.o
                0x080011ba                HAL_CRC_Init
 *fill*         0x080011f2        0x2 
 .text.HAL_DMA_Init
                0x080011f4      0x15c ./Drivers/STM32F4xx_HAL_Driver/Src/stm32f4xx_hal_dma.o
                0x080011f4                HAL_DMA_Init
 .text.HAL_DMA_Start_IT
                0x08001350       0xb0 ./Drivers/STM32F4xx_HAL_Driver/Src/stm32f4xx_hal_dma.o
                0x08001350                HAL_DMA_Start_IT
 .text.HAL_DMA_Abort
                0x08001400       0xe0 ./Drivers/STM32F4xx_HAL_Driver/Src/stm32f4xx_hal_dma.o
                0x08001400                HAL_DMA_Abort
 .text.HAL_DMA_Abort_IT
                0x080014e0       0x44 ./Drivers/STM32F4xx_HAL_Driver/Src/stm32f4xx_hal_dma.o
                0x080014e0                HAL_DMA_Abort_IT
 .text.HAL_DMA_IRQHandler
                0x08001524      0x314 ./Drivers/STM32F4xx_HAL_Driver/Src/stm32f4xx_hal_dma.o
                0x08001524                HAL_DMA_IRQHandler
 .text.DMA_SetConfig
                0x08001838       0x5c ./Drivers/STM32F4xx_HAL_Driver/Src/stm32f4xx_hal_dma.o
 .text.DMA_CalcBaseAndBitshift
                0x08001894       0x6c ./Drivers/STM32F4xx_HAL_Driver/Src/stm32f4xx_hal_dma.o
 .text.DMA_CheckFifoParam
                0x08001900       0xf8 ./Drivers/STM32F4xx_HAL_Driver/Src/stm32f4xx_hal_dma.o
 .text.HAL_GPIO_Init
                0x080019f8      0x338 ./Drivers/STM32F4xx_HAL_Driver/Src/stm32f4xx_hal_gpio.o
                0x080019f8                HAL_GPIO_Init
 .text.HAL_GPIO_ReadPin
                0x08001d30       0x30 ./Drivers/STM32F4xx_HAL_Driver/Src/stm32f4xx_hal_gpio.o
                0x08001d30                HAL_GPIO_ReadPin
 .text.HAL_GPIO_WritePin
                0x08001d60       0x32 ./Drivers/STM32F4xx_HAL_Driver/Src/stm32f4xx_hal_gpio.o
                0x08001d60                HAL_GPIO_WritePin
 .text.HAL_GPIO_TogglePin
                0x08001d92       0x34 ./Drivers/STM32F4xx_HAL_Driver/Src/stm32f4xx_hal_gpio.o
                0x08001d92                HAL_GPIO_TogglePin
 *fill*         0x08001dc6        0x2 
 .text.HAL_GPIO_EXTI_IRQHandler
                0x08001dc8       0x30 ./Drivers/STM32F4xx_HAL_Driver/Src/stm32f4xx_hal_gpio.o
                0x08001dc8                HAL_GPIO_EXTI_IRQHandler
 .text.HAL_I2C_Init
                0x08001df8      0x288 ./Drivers/STM32F4xx_HAL_Driver/Src/stm32f4xx_hal_i2c.o
                0x08001df8                HAL_I2C_Init
 .text.HAL_RCC_OscConfig
                0x08002080      0x4f0 ./Drivers/STM32F4xx_HAL_Driver/Src/stm32f4xx_hal_rcc.o
                0x08002080                HAL_RCC_OscConfig
 .text.HAL_RCC_ClockConfig
                0x08002570      0x1cc ./Drivers/STM32F4xx_HAL_Driver/Src/stm32f4xx_hal_rcc.o
                0x08002570                HAL_RCC_ClockConfig
 .text.HAL_RCC_GetSysClockFreq
                0x0800273c      0x18c ./Drivers/STM32F4xx_HAL_Driver/Src/stm32f4xx_hal_rcc.o
                0x0800273c                HAL_RCC_GetSysClockFreq
 .text.HAL_RCC_GetHCLKFreq
                0x080028c8       0x18 ./Drivers/STM32F4xx_HAL_Driver/Src/stm32f4xx_hal_rcc.o
                0x080028c8                HAL_RCC_GetHCLKFreq
 .text.HAL_RCC_GetPCLK1Freq
                0x080028e0       0x28 ./Drivers/STM32F4xx_HAL_Driver/Src/stm32f4xx_hal_rcc.o
                0x080028e0                HAL_RCC_GetPCLK1Freq
 .text.HAL_RCC_GetPCLK2Freq
                0x08002908       0x28 ./Drivers/STM32F4xx_HAL_Driver/Src/stm32f4xx_hal_rcc.o
                0x08002908                HAL_RCC_GetPCLK2Freq
 .text.HAL_UART_Init
                0x08002930       0xa0 ./Drivers/STM32F4xx_HAL_Driver/Src/stm32f4xx_hal_uart.o
                0x08002930                HAL_UART_Init
 .text.HAL_UART_Transmit
                0x080029d0      0x116 ./Drivers/STM32F4xx_HAL_Driver/Src/stm32f4xx_hal_uart.o
                0x080029d0                HAL_UART_Transmit
 .text.HAL_UARTEx_ReceiveToIdle_DMA
                0x08002ae6       0xba ./Drivers/STM32F4xx_HAL_Driver/Src/stm32f4xx_hal_uart.o
                0x08002ae6                HAL_UARTEx_ReceiveToIdle_DMA
 .text.HAL_UART_IRQHandler
                0x08002ba0      0x524 ./Drivers/STM32F4xx_HAL_Driver/Src/stm32f4xx_hal_uart.o
                0x08002ba0                HAL_UART_IRQHandler
 .text.HAL_UART_TxCpltCallback
                0x080030c4       0x14 ./Drivers/STM32F4xx_HAL_Driver/Src/stm32f4xx_hal_uart.o
                0x080030c4                HAL_UART_TxCpltCallback
 .text.HAL_UART_RxCpltCallback
                0x080030d8       0x14 ./Drivers/STM32F4xx_HAL_Driver/Src/stm32f4xx_hal_uart.o
                0x080030d8                HAL_UART_RxCpltCallback
 .text.HAL_UART_RxHalfCpltCallback
                0x080030ec       0x14 ./Drivers/STM32F4xx_HAL_Driver/Src/stm32f4xx_hal_uart.o
                0x080030ec                HAL_UART_RxHalfCpltCallback
 .text.HAL_UART_ErrorCallback
                0x08003100       0x14 ./Drivers/STM32F4xx_HAL_Driver/Src/stm32f4xx_hal_uart.o
                0x08003100                HAL_UART_ErrorCallback
 .text.UART_DMAReceiveCplt
                0x08003114      0x12c ./Drivers/STM32F4xx_HAL_Driver/Src/stm32f4xx_hal_uart.o
 .text.UART_DMARxHalfCplt
                0x08003240       0x3c ./Drivers/STM32F4xx_HAL_Driver/Src/stm32f4xx_hal_uart.o
 .text.UART_DMAError
                0x0800327c       0x94 ./Drivers/STM32F4xx_HAL_Driver/Src/stm32f4xx_hal_uart.o
 .text.UART_WaitOnFlagUntilTimeout
                0x08003310       0xb2 ./Drivers/STM32F4xx_HAL_Driver/Src/stm32f4xx_hal_uart.o
 *fill*         0x080033c2        0x2 
 .text.UART_Start_Receive_DMA
                0x080033c4      0x134 ./Drivers/STM32F4xx_HAL_Driver/Src/stm32f4xx_hal_uart.o
                0x080033c4                UART_Start_Receive_DMA
 .text.UART_EndTxTransfer
                0x080034f8       0x50 ./Drivers/STM32F4xx_HAL_Driver/Src/stm32f4xx_hal_uart.o
 .text.UART_EndRxTransfer
                0x08003548       0xc6 ./Drivers/STM32F4xx_HAL_Driver/Src/stm32f4xx_hal_uart.o
 .text.UART_DMAAbortOnError
                0x0800360e       0x28 ./Drivers/STM32F4xx_HAL_Driver/Src/stm32f4xx_hal_uart.o
 .text.UART_Transmit_IT
                0x08003636       0xa0 ./Drivers/STM32F4xx_HAL_Driver/Src/stm32f4xx_hal_uart.o
 .text.UART_EndTransmit_IT
                0x080036d6       0x30 ./Drivers/STM32F4xx_HAL_Driver/Src/stm32f4xx_hal_uart.o
 .text.UART_Receive_IT
                0x08003706      0x17c ./Drivers/STM32F4xx_HAL_Driver/Src/stm32f4xx_hal_uart.o
 *fill*         0x08003882        0x2 
 .text.UART_SetConfig
                0x08003884      0x4e8 ./Drivers/STM32F4xx_HAL_Driver/Src/stm32f4xx_hal_uart.o
 .text.memset   0x08003d6c       0x10 D:/STM32CubeIDE/STM32CubeIDE_1.17.0/STM32CubeIDE/plugins/com.st.stm32cube.ide.mcu.externaltools.gnu-tools-for-stm32.12.3.rel1.win32_1.1.0.202410251130/tools/bin/../lib/gcc/arm-none-eabi/12.3.1/../../../../arm-none-eabi/lib/thumb/v7e-m+fp/hard\libc_nano.a(libc_a-memset.o)
                0x08003d6c                memset
 .text.__libc_init_array
                0x08003d7c       0x48 D:/STM32CubeIDE/STM32CubeIDE_1.17.0/STM32CubeIDE/plugins/com.st.stm32cube.ide.mcu.externaltools.gnu-tools-for-stm32.12.3.rel1.win32_1.1.0.202410251130/tools/bin/../lib/gcc/arm-none-eabi/12.3.1/../../../../arm-none-eabi/lib/thumb/v7e-m+fp/hard\libc_nano.a(libc_a-init.o)
                0x08003d7c                __libc_init_array
 *(.glue_7)
 .glue_7        0x08003dc4        0x0 linker stubs
 *(.glue_7t)
 .glue_7t       0x08003dc4        0x0 linker stubs
 *(.eh_frame)
 .eh_frame      0x08003dc4        0x0 D:/STM32CubeIDE/STM32CubeIDE_1.17.0/STM32CubeIDE/plugins/com.st.stm32cube.ide.mcu.externaltools.gnu-tools-for-stm32.12.3.rel1.win32_1.1.0.202410251130/tools/bin/../lib/gcc/arm-none-eabi/12.3.1/thumb/v7e-m+fp/hard/crtbegin.o
 *(.init)
 .init          0x08003dc4        0x4 D:/STM32CubeIDE/STM32CubeIDE_1.17.0/STM32CubeIDE/plugins/com.st.stm32cube.ide.mcu.externaltools.gnu-tools-for-stm32.12.3.rel1.win32_1.1.0.202410251130/tools/bin/../lib/gcc/arm-none-eabi/12.3.1/thumb/v7e-m+fp/hard/crti.o
                0x08003dc4                _init
 .init          0x08003dc8        0x8 D:/STM32CubeIDE/STM32CubeIDE_1.17.0/STM32CubeIDE/plugins/com.st.stm32cube.ide.mcu.externaltools.gnu-tools-for-stm32.12.3.rel1.win32_1.1.0.202410251130/tools/bin/../lib/gcc/arm-none-eabi/12.3.1/thumb/v7e-m+fp/hard/crtn.o
 *(.fini)
 .fini          0x08003dd0        0x4 D:/STM32CubeIDE/STM32CubeIDE_1.17.0/STM32CubeIDE/plugins/com.st.stm32cube.ide.mcu.externaltools.gnu-tools-for-stm32.12.3.rel1.win32_1.1.0.202410251130/tools/bin/../lib/gcc/arm-none-eabi/12.3.1/thumb/v7e-m+fp/hard/crti.o
                0x08003dd0                _fini
 .fini          0x08003dd4        0x8 D:/STM32CubeIDE/STM32CubeIDE_1.17.0/STM32CubeIDE/plugins/com.st.stm32cube.ide.mcu.externaltools.gnu-tools-for-stm32.12.3.rel1.win32_1.1.0.202410251130/tools/bin/../lib/gcc/arm-none-eabi/12.3.1/thumb/v7e-m+fp/hard/crtn.o
                0x08003ddc                        . = ALIGN (0x4)
                0x08003ddc                        _etext = .

.vfp11_veneer   0x08003ddc        0x0
 .vfp11_veneer  0x08003ddc        0x0 linker stubs

.v4_bx          0x08003ddc        0x0
 .v4_bx         0x08003ddc        0x0 linker stubs

.iplt           0x08003ddc        0x0
 .iplt          0x08003ddc        0x0 D:/STM32CubeIDE/STM32CubeIDE_1.17.0/STM32CubeIDE/plugins/com.st.stm32cube.ide.mcu.externaltools.gnu-tools-for-stm32.12.3.rel1.win32_1.1.0.202410251130/tools/bin/../lib/gcc/arm-none-eabi/12.3.1/thumb/v7e-m+fp/hard/crtbegin.o

.rodata         0x08003ddc       0x20
                0x08003ddc                        . = ALIGN (0x4)
 *(.rodata)
 *(.rodata*)
 .rodata.AHBPrescTable
                0x08003ddc       0x10 ./Core/Src/system_stm32f4xx.o
                0x08003ddc                AHBPrescTable
 .rodata.APBPrescTable
                0x08003dec        0x8 ./Core/Src/system_stm32f4xx.o
                0x08003dec                APBPrescTable
 .rodata.flagBitshiftOffset.0
                0x08003df4        0x8 ./Drivers/STM32F4xx_HAL_Driver/Src/stm32f4xx_hal_dma.o
                0x08003dfc                        . = ALIGN (0x4)

.ARM.extab      0x08003dfc        0x0
                0x08003dfc                        . = ALIGN (0x4)
 *(.ARM.extab* .gnu.linkonce.armextab.*)
                0x08003dfc                        . = ALIGN (0x4)

.ARM            0x08003dfc        0x8
                0x08003dfc                        . = ALIGN (0x4)
                0x08003dfc                        __exidx_start = .
 *(.ARM.exidx*)
 .ARM.exidx     0x08003dfc        0x8 D:/STM32CubeIDE/STM32CubeIDE_1.17.0/STM32CubeIDE/plugins/com.st.stm32cube.ide.mcu.externaltools.gnu-tools-for-stm32.12.3.rel1.win32_1.1.0.202410251130/tools/bin/../lib/gcc/arm-none-eabi/12.3.1/thumb/v7e-m+fp/hard\libgcc.a(_udivmoddi4.o)
                0x08003e04                        __exidx_end = .
                0x08003e04                        . = ALIGN (0x4)

.preinit_array  0x08003e04        0x0
                0x08003e04                        . = ALIGN (0x4)
                0x08003e04                        PROVIDE (__preinit_array_start = .)
 *(.preinit_array*)
                0x08003e04                        PROVIDE (__preinit_array_end = .)
                0x08003e04                        . = ALIGN (0x4)

.init_array     0x08003e04        0x4
                0x08003e04                        . = ALIGN (0x4)
                0x08003e04                        PROVIDE (__init_array_start = .)
 *(SORT_BY_NAME(.init_array.*))
 *(.init_array*)
 .init_array    0x08003e04        0x4 D:/STM32CubeIDE/STM32CubeIDE_1.17.0/STM32CubeIDE/plugins/com.st.stm32cube.ide.mcu.externaltools.gnu-tools-for-stm32.12.3.rel1.win32_1.1.0.202410251130/tools/bin/../lib/gcc/arm-none-eabi/12.3.1/thumb/v7e-m+fp/hard/crtbegin.o
                0x08003e08                        PROVIDE (__init_array_end = .)
                0x08003e08                        . = ALIGN (0x4)

.fini_array     0x08003e08        0x4
                0x08003e08                        . = ALIGN (0x4)
                [!provide]                        PROVIDE (__fini_array_start = .)
 *(SORT_BY_NAME(.fini_array.*))
 *(.fini_array*)
 .fini_array    0x08003e08        0x4 D:/STM32CubeIDE/STM32CubeIDE_1.17.0/STM32CubeIDE/plugins/com.st.stm32cube.ide.mcu.externaltools.gnu-tools-for-stm32.12.3.rel1.win32_1.1.0.202410251130/tools/bin/../lib/gcc/arm-none-eabi/12.3.1/thumb/v7e-m+fp/hard/crtbegin.o
                [!provide]                        PROVIDE (__fini_array_end = .)
                0x08003e0c                        . = ALIGN (0x4)
                0x08003e0c                        _sidata = LOADADDR (.data)

.rel.dyn        0x08003e0c        0x0
 .rel.iplt      0x08003e0c        0x0 D:/STM32CubeIDE/STM32CubeIDE_1.17.0/STM32CubeIDE/plugins/com.st.stm32cube.ide.mcu.externaltools.gnu-tools-for-stm32.12.3.rel1.win32_1.1.0.202410251130/tools/bin/../lib/gcc/arm-none-eabi/12.3.1/thumb/v7e-m+fp/hard/crtbegin.o

.data           0x20000000       0x14 load address 0x08003e0c
                0x20000000                        . = ALIGN (0x4)
                0x20000000                        _sdata = .
 *(.data)
 *(.data*)
 .data.SystemCoreClock
                0x20000000        0x4 ./Core/Src/system_stm32f4xx.o
                0x20000000                SystemCoreClock
 .data.frame_head
                0x20000004        0x1 ./Device/ProtocolProcessing.o
                0x20000004                frame_head
 *fill*         0x20000005        0x3 
 .data.frame_tail
                0x20000008        0x4 ./Device/ProtocolProcessing.o
                0x20000008                frame_tail
 .data.uwTickPrio
                0x2000000c        0x4 ./Drivers/STM32F4xx_HAL_Driver/Src/stm32f4xx_hal.o
                0x2000000c                uwTickPrio
 .data.uwTickFreq
                0x20000010        0x1 ./Drivers/STM32F4xx_HAL_Driver/Src/stm32f4xx_hal.o
                0x20000010                uwTickFreq
 *(.RamFunc)
 *(.RamFunc*)
                0x20000014                        . = ALIGN (0x4)
 *fill*         0x20000011        0x3 
                0x20000014                        _edata = .
                0x08003e20                        _siccmram = LOADADDR (.ccmram)

.igot.plt       0x20000014        0x0 load address 0x08003e20
 .igot.plt      0x20000014        0x0 D:/STM32CubeIDE/STM32CubeIDE_1.17.0/STM32CubeIDE/plugins/com.st.stm32cube.ide.mcu.externaltools.gnu-tools-for-stm32.12.3.rel1.win32_1.1.0.202410251130/tools/bin/../lib/gcc/arm-none-eabi/12.3.1/thumb/v7e-m+fp/hard/crtbegin.o

.ccmram         0x10000000        0x0 load address 0x08003e20
                0x10000000                        . = ALIGN (0x4)
                0x10000000                        _sccmram = .
 *(.ccmram)
 *(.ccmram*)
                0x10000000                        . = ALIGN (0x4)
                0x10000000                        _eccmram = .
                0x10000000                        . = ALIGN (0x4)

.bss            0x20000014      0x2f0
                0x20000014                        _sbss = .
                0x20000014                        __bss_start__ = _sbss
 *(.bss)
 .bss           0x20000014       0x1c D:/STM32CubeIDE/STM32CubeIDE_1.17.0/STM32CubeIDE/plugins/com.st.stm32cube.ide.mcu.externaltools.gnu-tools-for-stm32.12.3.rel1.win32_1.1.0.202410251130/tools/bin/../lib/gcc/arm-none-eabi/12.3.1/thumb/v7e-m+fp/hard/crtbegin.o
 *(.bss*)
 .bss.hcrc      0x20000030        0x8 ./Core/Src/crc.o
                0x20000030                hcrc
 .bss.hi2c1     0x20000038       0x54 ./Core/Src/i2c.o
                0x20000038                hi2c1
 .bss.at24_flag
                0x2000008c        0x1 ./Core/Src/main.o
                0x2000008c                at24_flag
 *fill*         0x2000008d        0x3 
 .bss.huart1    0x20000090       0x48 ./Core/Src/usart.o
                0x20000090                huart1
 .bss.huart6    0x200000d8       0x48 ./Core/Src/usart.o
                0x200000d8                huart6
 .bss.hdma_usart1_rx
                0x20000120       0x60 ./Core/Src/usart.o
                0x20000120                hdma_usart1_rx
 .bss.AT24CXX_WriteBuff
                0x20000180       0x80 ./Device/AT24C02.o
                0x20000180                AT24CXX_WriteBuff
 .bss.rx_buffer
                0x20000200       0x80 ./Device/ProtocolProcessing.o
                0x20000200                rx_buffer
 .bss.tx_buffer
                0x20000280       0x80 ./Device/ProtocolProcessing.o
                0x20000280                tx_buffer
 .bss.uwTick    0x20000300        0x4 ./Drivers/STM32F4xx_HAL_Driver/Src/stm32f4xx_hal.o
                0x20000300                uwTick
 *(COMMON)
                0x20000304                        . = ALIGN (0x4)
                0x20000304                        _ebss = .
                0x20000304                        __bss_end__ = _ebss

._user_heap_stack
                0x20000304      0x604
                0x20000308                        . = ALIGN (0x8)
 *fill*         0x20000304        0x4 
                [!provide]                        PROVIDE (end = .)
                0x20000308                        PROVIDE (_end = .)
                0x20000508                        . = (. + _Min_Heap_Size)
 *fill*         0x20000308      0x200 
                0x20000908                        . = (. + _Min_Stack_Size)
 *fill*         0x20000508      0x400 
                0x20000908                        . = ALIGN (0x8)

/DISCARD/
 libc.a(*)
 libm.a(*)
 libgcc.a(*)

.ARM.attributes
                0x00000000       0x30
 *(.ARM.attributes)
 .ARM.attributes
                0x00000000       0x22 D:/STM32CubeIDE/STM32CubeIDE_1.17.0/STM32CubeIDE/plugins/com.st.stm32cube.ide.mcu.externaltools.gnu-tools-for-stm32.12.3.rel1.win32_1.1.0.202410251130/tools/bin/../lib/gcc/arm-none-eabi/12.3.1/thumb/v7e-m+fp/hard/crti.o
 .ARM.attributes
                0x00000022       0x34 D:/STM32CubeIDE/STM32CubeIDE_1.17.0/STM32CubeIDE/plugins/com.st.stm32cube.ide.mcu.externaltools.gnu-tools-for-stm32.12.3.rel1.win32_1.1.0.202410251130/tools/bin/../lib/gcc/arm-none-eabi/12.3.1/thumb/v7e-m+fp/hard/crtbegin.o
 .ARM.attributes
                0x00000056       0x34 ./Core/Src/crc.o
 .ARM.attributes
                0x0000008a       0x34 ./Core/Src/dma.o
 .ARM.attributes
                0x000000be       0x34 ./Core/Src/gpio.o
 .ARM.attributes
                0x000000f2       0x34 ./Core/Src/i2c.o
 .ARM.attributes
                0x00000126       0x34 ./Core/Src/main.o
 .ARM.attributes
                0x0000015a       0x34 ./Core/Src/stm32f4xx_hal_msp.o
 .ARM.attributes
                0x0000018e       0x34 ./Core/Src/stm32f4xx_it.o
 .ARM.attributes
                0x000001c2       0x34 ./Core/Src/system_stm32f4xx.o
 .ARM.attributes
                0x000001f6       0x34 ./Core/Src/usart.o
 .ARM.attributes
                0x0000022a       0x21 ./Core/Startup/startup_stm32f407vetx.o
 .ARM.attributes
                0x0000024b       0x34 ./Device/AT24C02.o
 .ARM.attributes
                0x0000027f       0x34 ./Device/ProtocolProcessing.o
 .ARM.attributes
                0x000002b3       0x34 ./Drivers/STM32F4xx_HAL_Driver/Src/stm32f4xx_hal.o
 .ARM.attributes
                0x000002e7       0x34 ./Drivers/STM32F4xx_HAL_Driver/Src/stm32f4xx_hal_cortex.o
 .ARM.attributes
                0x0000031b       0x34 ./Drivers/STM32F4xx_HAL_Driver/Src/stm32f4xx_hal_crc.o
 .ARM.attributes
                0x0000034f       0x34 ./Drivers/STM32F4xx_HAL_Driver/Src/stm32f4xx_hal_dma.o
 .ARM.attributes
                0x00000383       0x34 ./Drivers/STM32F4xx_HAL_Driver/Src/stm32f4xx_hal_gpio.o
 .ARM.attributes
                0x000003b7       0x34 ./Drivers/STM32F4xx_HAL_Driver/Src/stm32f4xx_hal_i2c.o
 .ARM.attributes
                0x000003eb       0x34 ./Drivers/STM32F4xx_HAL_Driver/Src/stm32f4xx_hal_rcc.o
 .ARM.attributes
                0x0000041f       0x34 ./Drivers/STM32F4xx_HAL_Driver/Src/stm32f4xx_hal_uart.o
 .ARM.attributes
                0x00000453       0x34 D:/STM32CubeIDE/STM32CubeIDE_1.17.0/STM32CubeIDE/plugins/com.st.stm32cube.ide.mcu.externaltools.gnu-tools-for-stm32.12.3.rel1.win32_1.1.0.202410251130/tools/bin/../lib/gcc/arm-none-eabi/12.3.1/../../../../arm-none-eabi/lib/thumb/v7e-m+fp/hard\libc_nano.a(libc_a-memset.o)
 .ARM.attributes
                0x00000487       0x34 D:/STM32CubeIDE/STM32CubeIDE_1.17.0/STM32CubeIDE/plugins/com.st.stm32cube.ide.mcu.externaltools.gnu-tools-for-stm32.12.3.rel1.win32_1.1.0.202410251130/tools/bin/../lib/gcc/arm-none-eabi/12.3.1/../../../../arm-none-eabi/lib/thumb/v7e-m+fp/hard\libc_nano.a(libc_a-init.o)
 .ARM.attributes
                0x000004bb       0x22 D:/STM32CubeIDE/STM32CubeIDE_1.17.0/STM32CubeIDE/plugins/com.st.stm32cube.ide.mcu.externaltools.gnu-tools-for-stm32.12.3.rel1.win32_1.1.0.202410251130/tools/bin/../lib/gcc/arm-none-eabi/12.3.1/thumb/v7e-m+fp/hard\libgcc.a(_aeabi_uldivmod.o)
 .ARM.attributes
                0x000004dd       0x34 D:/STM32CubeIDE/STM32CubeIDE_1.17.0/STM32CubeIDE/plugins/com.st.stm32cube.ide.mcu.externaltools.gnu-tools-for-stm32.12.3.rel1.win32_1.1.0.202410251130/tools/bin/../lib/gcc/arm-none-eabi/12.3.1/thumb/v7e-m+fp/hard\libgcc.a(_udivmoddi4.o)
 .ARM.attributes
                0x00000511       0x22 D:/STM32CubeIDE/STM32CubeIDE_1.17.0/STM32CubeIDE/plugins/com.st.stm32cube.ide.mcu.externaltools.gnu-tools-for-stm32.12.3.rel1.win32_1.1.0.202410251130/tools/bin/../lib/gcc/arm-none-eabi/12.3.1/thumb/v7e-m+fp/hard\libgcc.a(_dvmd_tls.o)
 .ARM.attributes
                0x00000533       0x22 D:/STM32CubeIDE/STM32CubeIDE_1.17.0/STM32CubeIDE/plugins/com.st.stm32cube.ide.mcu.externaltools.gnu-tools-for-stm32.12.3.rel1.win32_1.1.0.202410251130/tools/bin/../lib/gcc/arm-none-eabi/12.3.1/thumb/v7e-m+fp/hard/crtn.o
OUTPUT(STM32VET6_DEMO.elf elf32-littlearm)
LOAD linker stubs
LOAD D:/STM32CubeIDE/STM32CubeIDE_1.17.0/STM32CubeIDE/plugins/com.st.stm32cube.ide.mcu.externaltools.gnu-tools-for-stm32.12.3.rel1.win32_1.1.0.202410251130/tools/bin/../lib/gcc/arm-none-eabi/12.3.1/../../../../arm-none-eabi/lib/thumb/v7e-m+fp/hard\libc.a
LOAD D:/STM32CubeIDE/STM32CubeIDE_1.17.0/STM32CubeIDE/plugins/com.st.stm32cube.ide.mcu.externaltools.gnu-tools-for-stm32.12.3.rel1.win32_1.1.0.202410251130/tools/bin/../lib/gcc/arm-none-eabi/12.3.1/../../../../arm-none-eabi/lib/thumb/v7e-m+fp/hard\libm.a
LOAD D:/STM32CubeIDE/STM32CubeIDE_1.17.0/STM32CubeIDE/plugins/com.st.stm32cube.ide.mcu.externaltools.gnu-tools-for-stm32.12.3.rel1.win32_1.1.0.202410251130/tools/bin/../lib/gcc/arm-none-eabi/12.3.1/thumb/v7e-m+fp/hard\libgcc.a

.debug_info     0x00000000     0xdbd7
 .debug_info    0x00000000      0x426 ./Core/Src/crc.o
 .debug_info    0x00000426      0x4b4 ./Core/Src/dma.o
 .debug_info    0x000008da      0x669 ./Core/Src/gpio.o
 .debug_info    0x00000f43      0x96f ./Core/Src/i2c.o
 .debug_info    0x000018b2      0xc18 ./Core/Src/main.o
 .debug_info    0x000024ca      0x270 ./Core/Src/stm32f4xx_hal_msp.o
 .debug_info    0x0000273a      0x68f ./Core/Src/stm32f4xx_it.o
 .debug_info    0x00002dc9      0x512 ./Core/Src/system_stm32f4xx.o
 .debug_info    0x000032db      0xc4b ./Core/Src/usart.o
 .debug_info    0x00003f26       0x30 ./Core/Startup/startup_stm32f407vetx.o
 .debug_info    0x00003f56      0xbb8 ./Device/AT24C02.o
 .debug_info    0x00004b0e      0xabd ./Device/ProtocolProcessing.o
 .debug_info    0x000055cb      0x944 ./Drivers/STM32F4xx_HAL_Driver/Src/stm32f4xx_hal.o
 .debug_info    0x00005f0f      0xd8c ./Drivers/STM32F4xx_HAL_Driver/Src/stm32f4xx_hal_cortex.o
 .debug_info    0x00006c9b      0x37f ./Drivers/STM32F4xx_HAL_Driver/Src/stm32f4xx_hal_crc.o
 .debug_info    0x0000701a      0x8e7 ./Drivers/STM32F4xx_HAL_Driver/Src/stm32f4xx_hal_dma.o
 .debug_info    0x00007901      0x6c3 ./Drivers/STM32F4xx_HAL_Driver/Src/stm32f4xx_hal_gpio.o
 .debug_info    0x00007fc4     0x2415 ./Drivers/STM32F4xx_HAL_Driver/Src/stm32f4xx_hal_i2c.o
 .debug_info    0x0000a3d9      0x8af ./Drivers/STM32F4xx_HAL_Driver/Src/stm32f4xx_hal_rcc.o
 .debug_info    0x0000ac88     0x2f4f ./Drivers/STM32F4xx_HAL_Driver/Src/stm32f4xx_hal_uart.o

.debug_abbrev   0x00000000     0x26ac
 .debug_abbrev  0x00000000      0x19b ./Core/Src/crc.o
 .debug_abbrev  0x0000019b      0x10e ./Core/Src/dma.o
 .debug_abbrev  0x000002a9      0x174 ./Core/Src/gpio.o
 .debug_abbrev  0x0000041d      0x1f1 ./Core/Src/i2c.o
 .debug_abbrev  0x0000060e      0x2b1 ./Core/Src/main.o
 .debug_abbrev  0x000008bf       0xd8 ./Core/Src/stm32f4xx_hal_msp.o
 .debug_abbrev  0x00000997      0x18b ./Core/Src/stm32f4xx_it.o
 .debug_abbrev  0x00000b22      0x11a ./Core/Src/system_stm32f4xx.o
 .debug_abbrev  0x00000c3c      0x21c ./Core/Src/usart.o
 .debug_abbrev  0x00000e58       0x24 ./Core/Startup/startup_stm32f407vetx.o
 .debug_abbrev  0x00000e7c      0x243 ./Device/AT24C02.o
 .debug_abbrev  0x000010bf      0x261 ./Device/ProtocolProcessing.o
 .debug_abbrev  0x00001320      0x214 ./Drivers/STM32F4xx_HAL_Driver/Src/stm32f4xx_hal.o
 .debug_abbrev  0x00001534      0x31d ./Drivers/STM32F4xx_HAL_Driver/Src/stm32f4xx_hal_cortex.o
 .debug_abbrev  0x00001851      0x1b1 ./Drivers/STM32F4xx_HAL_Driver/Src/stm32f4xx_hal_crc.o
 .debug_abbrev  0x00001a02      0x264 ./Drivers/STM32F4xx_HAL_Driver/Src/stm32f4xx_hal_dma.o
 .debug_abbrev  0x00001c66      0x1d4 ./Drivers/STM32F4xx_HAL_Driver/Src/stm32f4xx_hal_gpio.o
 .debug_abbrev  0x00001e3a      0x2ad ./Drivers/STM32F4xx_HAL_Driver/Src/stm32f4xx_hal_i2c.o
 .debug_abbrev  0x000020e7      0x2b7 ./Drivers/STM32F4xx_HAL_Driver/Src/stm32f4xx_hal_rcc.o
 .debug_abbrev  0x0000239e      0x30e ./Drivers/STM32F4xx_HAL_Driver/Src/stm32f4xx_hal_uart.o

.debug_aranges  0x00000000      0xb88
 .debug_aranges
                0x00000000       0x30 ./Core/Src/crc.o
 .debug_aranges
                0x00000030       0x20 ./Core/Src/dma.o
 .debug_aranges
                0x00000050       0x20 ./Core/Src/gpio.o
 .debug_aranges
                0x00000070       0x30 ./Core/Src/i2c.o
 .debug_aranges
                0x000000a0       0x48 ./Core/Src/main.o
 .debug_aranges
                0x000000e8       0x20 ./Core/Src/stm32f4xx_hal_msp.o
 .debug_aranges
                0x00000108       0x78 ./Core/Src/stm32f4xx_it.o
 .debug_aranges
                0x00000180       0x28 ./Core/Src/system_stm32f4xx.o
 .debug_aranges
                0x000001a8       0x38 ./Core/Src/usart.o
 .debug_aranges
                0x000001e0       0x28 ./Core/Startup/startup_stm32f407vetx.o
 .debug_aranges
                0x00000208       0x70 ./Device/AT24C02.o
 .debug_aranges
                0x00000278       0x80 ./Device/ProtocolProcessing.o
 .debug_aranges
                0x000002f8       0xf0 ./Drivers/STM32F4xx_HAL_Driver/Src/stm32f4xx_hal.o
 .debug_aranges
                0x000003e8      0x130 ./Drivers/STM32F4xx_HAL_Driver/Src/stm32f4xx_hal_cortex.o
 .debug_aranges
                0x00000518       0x50 ./Drivers/STM32F4xx_HAL_Driver/Src/stm32f4xx_hal_crc.o
 .debug_aranges
                0x00000568       0x90 ./Drivers/STM32F4xx_HAL_Driver/Src/stm32f4xx_hal_dma.o
 .debug_aranges
                0x000005f8       0x58 ./Drivers/STM32F4xx_HAL_Driver/Src/stm32f4xx_hal_gpio.o
 .debug_aranges
                0x00000650      0x2a8 ./Drivers/STM32F4xx_HAL_Driver/Src/stm32f4xx_hal_i2c.o
 .debug_aranges
                0x000008f8       0x88 ./Drivers/STM32F4xx_HAL_Driver/Src/stm32f4xx_hal_rcc.o
 .debug_aranges
                0x00000980      0x208 ./Drivers/STM32F4xx_HAL_Driver/Src/stm32f4xx_hal_uart.o

.debug_rnglists
                0x00000000      0x8dc
 .debug_rnglists
                0x00000000       0x1f ./Core/Src/crc.o
 .debug_rnglists
                0x0000001f       0x13 ./Core/Src/dma.o
 .debug_rnglists
                0x00000032       0x14 ./Core/Src/gpio.o
 .debug_rnglists
                0x00000046       0x20 ./Core/Src/i2c.o
 .debug_rnglists
                0x00000066       0x32 ./Core/Src/main.o
 .debug_rnglists
                0x00000098       0x13 ./Core/Src/stm32f4xx_hal_msp.o
 .debug_rnglists
                0x000000ab       0x55 ./Core/Src/stm32f4xx_it.o
 .debug_rnglists
                0x00000100       0x1a ./Core/Src/system_stm32f4xx.o
 .debug_rnglists
                0x0000011a       0x26 ./Core/Src/usart.o
 .debug_rnglists
                0x00000140       0x19 ./Core/Startup/startup_stm32f407vetx.o
 .debug_rnglists
                0x00000159       0x51 ./Device/AT24C02.o
 .debug_rnglists
                0x000001aa       0x5f ./Device/ProtocolProcessing.o
 .debug_rnglists
                0x00000209       0xaf ./Drivers/STM32F4xx_HAL_Driver/Src/stm32f4xx_hal.o
 .debug_rnglists
                0x000002b8       0xe0 ./Drivers/STM32F4xx_HAL_Driver/Src/stm32f4xx_hal_cortex.o
 .debug_rnglists
                0x00000398       0x37 ./Drivers/STM32F4xx_HAL_Driver/Src/stm32f4xx_hal_crc.o
 .debug_rnglists
                0x000003cf       0x70 ./Drivers/STM32F4xx_HAL_Driver/Src/stm32f4xx_hal_dma.o
 .debug_rnglists
                0x0000043f       0x3f ./Drivers/STM32F4xx_HAL_Driver/Src/stm32f4xx_hal_gpio.o
 .debug_rnglists
                0x0000047e      0x23c ./Drivers/STM32F4xx_HAL_Driver/Src/stm32f4xx_hal_i2c.o
 .debug_rnglists
                0x000006ba       0x66 ./Drivers/STM32F4xx_HAL_Driver/Src/stm32f4xx_hal_rcc.o
 .debug_rnglists
                0x00000720      0x1bc ./Drivers/STM32F4xx_HAL_Driver/Src/stm32f4xx_hal_uart.o

.debug_macro    0x00000000    0x22155
 .debug_macro   0x00000000      0x32d ./Core/Src/crc.o
 .debug_macro   0x0000032d      0xab4 ./Core/Src/crc.o
 .debug_macro   0x00000de1      0x2a1 ./Core/Src/crc.o
 .debug_macro   0x00001082       0x2e ./Core/Src/crc.o
 .debug_macro   0x000010b0       0x2f ./Core/Src/crc.o
 .debug_macro   0x000010df       0x22 ./Core/Src/crc.o
 .debug_macro   0x00001101       0x8e ./Core/Src/crc.o
 .debug_macro   0x0000118f       0x51 ./Core/Src/crc.o
 .debug_macro   0x000011e0      0x103 ./Core/Src/crc.o
 .debug_macro   0x000012e3       0x6a ./Core/Src/crc.o
 .debug_macro   0x0000134d      0x1df ./Core/Src/crc.o
 .debug_macro   0x0000152c       0x1c ./Core/Src/crc.o
 .debug_macro   0x00001548       0x22 ./Core/Src/crc.o
 .debug_macro   0x0000156a       0xfb ./Core/Src/crc.o
 .debug_macro   0x00001665     0x1011 ./Core/Src/crc.o
 .debug_macro   0x00002676      0x11f ./Core/Src/crc.o
 .debug_macro   0x00002795    0x15e97 ./Core/Src/crc.o
 .debug_macro   0x0001862c       0x6d ./Core/Src/crc.o
 .debug_macro   0x00018699     0x369a ./Core/Src/crc.o
 .debug_macro   0x0001bd33      0x189 ./Core/Src/crc.o
 .debug_macro   0x0001bebc       0x5c ./Core/Src/crc.o
 .debug_macro   0x0001bf18      0x980 ./Core/Src/crc.o
 .debug_macro   0x0001c898      0x9e9 ./Core/Src/crc.o
 .debug_macro   0x0001d281      0x115 ./Core/Src/crc.o
 .debug_macro   0x0001d396      0x13e ./Core/Src/crc.o
 .debug_macro   0x0001d4d4       0xa5 ./Core/Src/crc.o
 .debug_macro   0x0001d579      0x174 ./Core/Src/crc.o
 .debug_macro   0x0001d6ed      0x287 ./Core/Src/crc.o
 .debug_macro   0x0001d974       0x5f ./Core/Src/crc.o
 .debug_macro   0x0001d9d3      0x236 ./Core/Src/crc.o
 .debug_macro   0x0001dc09       0x22 ./Core/Src/crc.o
 .debug_macro   0x0001dc2b      0x12c ./Core/Src/crc.o
 .debug_macro   0x0001dd57      0x21e ./Core/Src/crc.o
 .debug_macro   0x0001df75       0x2e ./Core/Src/crc.o
 .debug_macro   0x0001dfa3      0x1b5 ./Core/Src/crc.o
 .debug_macro   0x0001e158       0xd6 ./Core/Src/crc.o
 .debug_macro   0x0001e22e      0x127 ./Core/Src/crc.o
 .debug_macro   0x0001e355       0x7e ./Core/Src/crc.o
 .debug_macro   0x0001e3d3       0x89 ./Core/Src/crc.o
 .debug_macro   0x0001e45c      0x2aa ./Core/Src/crc.o
 .debug_macro   0x0001e706      0x12d ./Core/Src/crc.o
 .debug_macro   0x0001e833       0x61 ./Core/Src/crc.o
 .debug_macro   0x0001e894       0x2a ./Core/Src/crc.o
 .debug_macro   0x0001e8be       0x43 ./Core/Src/crc.o
 .debug_macro   0x0001e901       0x34 ./Core/Src/crc.o
 .debug_macro   0x0001e935       0x16 ./Core/Src/crc.o
 .debug_macro   0x0001e94b       0x43 ./Core/Src/crc.o
 .debug_macro   0x0001e98e       0x34 ./Core/Src/crc.o
 .debug_macro   0x0001e9c2       0x10 ./Core/Src/crc.o
 .debug_macro   0x0001e9d2       0x58 ./Core/Src/crc.o
 .debug_macro   0x0001ea2a       0x8e ./Core/Src/crc.o
 .debug_macro   0x0001eab8       0x1c ./Core/Src/crc.o
 .debug_macro   0x0001ead4      0x177 ./Core/Src/crc.o
 .debug_macro   0x0001ec4b      0x369 ./Core/Src/crc.o
 .debug_macro   0x0001efb4       0x10 ./Core/Src/crc.o
 .debug_macro   0x0001efc4       0x35 ./Core/Src/crc.o
 .debug_macro   0x0001eff9       0x20 ./Core/Src/crc.o
 .debug_macro   0x0001f019       0x1c ./Core/Src/crc.o
 .debug_macro   0x0001f035       0x10 ./Core/Src/crc.o
 .debug_macro   0x0001f045       0x1c ./Core/Src/crc.o
 .debug_macro   0x0001f061       0x16 ./Core/Src/crc.o
 .debug_macro   0x0001f077      0x146 ./Core/Src/crc.o
 .debug_macro   0x0001f1bd       0x16 ./Core/Src/crc.o
 .debug_macro   0x0001f1d3       0x16 ./Core/Src/crc.o
 .debug_macro   0x0001f1e9       0x29 ./Core/Src/crc.o
 .debug_macro   0x0001f212       0x2e ./Core/Src/crc.o
 .debug_macro   0x0001f240      0x32d ./Core/Src/dma.o
 .debug_macro   0x0001f56d      0x32d ./Core/Src/gpio.o
 .debug_macro   0x0001f89a      0x32d ./Core/Src/i2c.o
 .debug_macro   0x0001fbc7      0x37b ./Core/Src/main.o
 .debug_macro   0x0001ff42       0x10 ./Core/Src/main.o
 .debug_macro   0x0001ff52       0x3a ./Core/Src/main.o
 .debug_macro   0x0001ff8c      0x323 ./Core/Src/stm32f4xx_hal_msp.o
 .debug_macro   0x000202af      0x32d ./Core/Src/stm32f4xx_it.o
 .debug_macro   0x000205dc      0x1de ./Core/Src/system_stm32f4xx.o
 .debug_macro   0x000207ba      0x32d ./Core/Src/usart.o
 .debug_macro   0x00020ae7      0x350 ./Device/AT24C02.o
 .debug_macro   0x00020e37      0x34f ./Device/ProtocolProcessing.o
 .debug_macro   0x00021186      0x23e ./Drivers/STM32F4xx_HAL_Driver/Src/stm32f4xx_hal.o
 .debug_macro   0x000213c4      0x1de ./Drivers/STM32F4xx_HAL_Driver/Src/stm32f4xx_hal_cortex.o
 .debug_macro   0x000215a2      0x1de ./Drivers/STM32F4xx_HAL_Driver/Src/stm32f4xx_hal_crc.o
 .debug_macro   0x00021780      0x1e4 ./Drivers/STM32F4xx_HAL_Driver/Src/stm32f4xx_hal_dma.o
 .debug_macro   0x00021964      0x1e4 ./Drivers/STM32F4xx_HAL_Driver/Src/stm32f4xx_hal_gpio.o
 .debug_macro   0x00021b48      0x22c ./Drivers/STM32F4xx_HAL_Driver/Src/stm32f4xx_hal_i2c.o
 .debug_macro   0x00021d74      0x202 ./Drivers/STM32F4xx_HAL_Driver/Src/stm32f4xx_hal_rcc.o
 .debug_macro   0x00021f76      0x1df ./Drivers/STM32F4xx_HAL_Driver/Src/stm32f4xx_hal_uart.o

.debug_line     0x00000000    0x124e5
 .debug_line    0x00000000      0xa2d ./Core/Src/crc.o
 .debug_line    0x00000a2d      0x9ed ./Core/Src/dma.o
 .debug_line    0x0000141a      0xa0d ./Core/Src/gpio.o
 .debug_line    0x00001e27      0xa5b ./Core/Src/i2c.o
 .debug_line    0x00002882      0xb8e ./Core/Src/main.o
 .debug_line    0x00003410      0x9f1 ./Core/Src/stm32f4xx_hal_msp.o
 .debug_line    0x00003e01      0xafc ./Core/Src/stm32f4xx_it.o
 .debug_line    0x000048fd      0x7da ./Core/Src/system_stm32f4xx.o
 .debug_line    0x000050d7      0xaee ./Core/Src/usart.o
 .debug_line    0x00005bc5       0x7a ./Core/Startup/startup_stm32f407vetx.o
 .debug_line    0x00005c3f      0xd24 ./Device/AT24C02.o
 .debug_line    0x00006963      0xd82 ./Device/ProtocolProcessing.o
 .debug_line    0x000076e5      0xa43 ./Drivers/STM32F4xx_HAL_Driver/Src/stm32f4xx_hal.o
 .debug_line    0x00008128      0xd35 ./Drivers/STM32F4xx_HAL_Driver/Src/stm32f4xx_hal_cortex.o
 .debug_line    0x00008e5d      0x89c ./Drivers/STM32F4xx_HAL_Driver/Src/stm32f4xx_hal_crc.o
 .debug_line    0x000096f9      0xfb3 ./Drivers/STM32F4xx_HAL_Driver/Src/stm32f4xx_hal_dma.o
 .debug_line    0x0000a6ac      0xbcf ./Drivers/STM32F4xx_HAL_Driver/Src/stm32f4xx_hal_gpio.o
 .debug_line    0x0000b27b     0x3b89 ./Drivers/STM32F4xx_HAL_Driver/Src/stm32f4xx_hal_i2c.o
 .debug_line    0x0000ee04      0xdcc ./Drivers/STM32F4xx_HAL_Driver/Src/stm32f4xx_hal_rcc.o
 .debug_line    0x0000fbd0     0x2915 ./Drivers/STM32F4xx_HAL_Driver/Src/stm32f4xx_hal_uart.o

.debug_str      0x00000000    0xc5926
 .debug_str     0x00000000    0xc1fbe ./Core/Src/crc.o
                              0xc2262 (size before relaxing)
 .debug_str     0x000c1fbe      0x521 ./Core/Src/dma.o
                              0xc2604 (size before relaxing)
 .debug_str     0x000c24df       0xd8 ./Core/Src/gpio.o
                              0xc26d2 (size before relaxing)
 .debug_str     0x000c25b7      0x4ba ./Core/Src/i2c.o
                              0xc26e1 (size before relaxing)
 .debug_str     0x000c2a71      0x5b3 ./Core/Src/main.o
                              0xc2a18 (size before relaxing)
 .debug_str     0x000c3024       0x2c ./Core/Src/stm32f4xx_hal_msp.o
                              0xc20e7 (size before relaxing)
 .debug_str     0x000c3050      0x144 ./Core/Src/stm32f4xx_it.o
                              0xc2581 (size before relaxing)
 .debug_str     0x000c3194       0xdb ./Core/Src/system_stm32f4xx.o
                              0xbe8a8 (size before relaxing)
 .debug_str     0x000c326f       0x88 ./Core/Src/usart.o
                              0xc2bfc (size before relaxing)
 .debug_str     0x000c32f7       0x44 ./Core/Startup/startup_stm32f407vetx.o
                                 0x72 (size before relaxing)
 .debug_str     0x000c333b      0x2dc ./Device/AT24C02.o
                              0xc2928 (size before relaxing)
 .debug_str     0x000c3617      0x29a ./Device/ProtocolProcessing.o
                              0xc2788 (size before relaxing)
 .debug_str     0x000c38b1      0x60d ./Drivers/STM32F4xx_HAL_Driver/Src/stm32f4xx_hal.o
                              0xbf42c (size before relaxing)
 .debug_str     0x000c3ebe      0x36b ./Drivers/STM32F4xx_HAL_Driver/Src/stm32f4xx_hal_cortex.o
                              0xbf1a8 (size before relaxing)
 .debug_str     0x000c4229       0x92 ./Drivers/STM32F4xx_HAL_Driver/Src/stm32f4xx_hal_crc.o
                              0xbe8d6 (size before relaxing)
 .debug_str     0x000c42bb      0x2f3 ./Drivers/STM32F4xx_HAL_Driver/Src/stm32f4xx_hal_dma.o
                              0xbecc2 (size before relaxing)
 .debug_str     0x000c45ae       0xbf ./Drivers/STM32F4xx_HAL_Driver/Src/stm32f4xx_hal_gpio.o
                              0xbea23 (size before relaxing)
 .debug_str     0x000c466d      0xafb ./Drivers/STM32F4xx_HAL_Driver/Src/stm32f4xx_hal_i2c.o
                              0xbf8c6 (size before relaxing)
 .debug_str     0x000c5168      0x213 ./Drivers/STM32F4xx_HAL_Driver/Src/stm32f4xx_hal_rcc.o
                              0xbecdc (size before relaxing)
 .debug_str     0x000c537b      0x5ab ./Drivers/STM32F4xx_HAL_Driver/Src/stm32f4xx_hal_uart.o
                              0xbf2bd (size before relaxing)

.comment        0x00000000       0x43
 .comment       0x00000000       0x43 ./Core/Src/crc.o
                                 0x44 (size before relaxing)
 .comment       0x00000043       0x44 ./Core/Src/dma.o
 .comment       0x00000043       0x44 ./Core/Src/gpio.o
 .comment       0x00000043       0x44 ./Core/Src/i2c.o
 .comment       0x00000043       0x44 ./Core/Src/main.o
 .comment       0x00000043       0x44 ./Core/Src/stm32f4xx_hal_msp.o
 .comment       0x00000043       0x44 ./Core/Src/stm32f4xx_it.o
 .comment       0x00000043       0x44 ./Core/Src/system_stm32f4xx.o
 .comment       0x00000043       0x44 ./Core/Src/usart.o
 .comment       0x00000043       0x44 ./Device/AT24C02.o
 .comment       0x00000043       0x44 ./Device/ProtocolProcessing.o
 .comment       0x00000043       0x44 ./Drivers/STM32F4xx_HAL_Driver/Src/stm32f4xx_hal.o
 .comment       0x00000043       0x44 ./Drivers/STM32F4xx_HAL_Driver/Src/stm32f4xx_hal_cortex.o
 .comment       0x00000043       0x44 ./Drivers/STM32F4xx_HAL_Driver/Src/stm32f4xx_hal_crc.o
 .comment       0x00000043       0x44 ./Drivers/STM32F4xx_HAL_Driver/Src/stm32f4xx_hal_dma.o
 .comment       0x00000043       0x44 ./Drivers/STM32F4xx_HAL_Driver/Src/stm32f4xx_hal_gpio.o
 .comment       0x00000043       0x44 ./Drivers/STM32F4xx_HAL_Driver/Src/stm32f4xx_hal_i2c.o
 .comment       0x00000043       0x44 ./Drivers/STM32F4xx_HAL_Driver/Src/stm32f4xx_hal_rcc.o
 .comment       0x00000043       0x44 ./Drivers/STM32F4xx_HAL_Driver/Src/stm32f4xx_hal_uart.o

.debug_frame    0x00000000     0x2dec
 .debug_frame   0x00000000       0x7c ./Core/Src/crc.o
 .debug_frame   0x0000007c       0x34 ./Core/Src/dma.o
 .debug_frame   0x000000b0       0x34 ./Core/Src/gpio.o
 .debug_frame   0x000000e4       0x74 ./Core/Src/i2c.o
 .debug_frame   0x00000158       0xd4 ./Core/Src/main.o
 .debug_frame   0x0000022c       0x38 ./Core/Src/stm32f4xx_hal_msp.o
 .debug_frame   0x00000264      0x158 ./Core/Src/stm32f4xx_it.o
 .debug_frame   0x000003bc       0x58 ./Core/Src/system_stm32f4xx.o
 .debug_frame   0x00000414       0x90 ./Core/Src/usart.o
 .debug_frame   0x000004a4      0x1a0 ./Device/AT24C02.o
 .debug_frame   0x00000644      0x1f8 ./Device/ProtocolProcessing.o
 .debug_frame   0x0000083c      0x374 ./Drivers/STM32F4xx_HAL_Driver/Src/stm32f4xx_hal.o
 .debug_frame   0x00000bb0      0x508 ./Drivers/STM32F4xx_HAL_Driver/Src/stm32f4xx_hal_cortex.o
 .debug_frame   0x000010b8      0x120 ./Drivers/STM32F4xx_HAL_Driver/Src/stm32f4xx_hal_crc.o
 .debug_frame   0x000011d8      0x250 ./Drivers/STM32F4xx_HAL_Driver/Src/stm32f4xx_hal_dma.o
 .debug_frame   0x00001428      0x14c ./Drivers/STM32F4xx_HAL_Driver/Src/stm32f4xx_hal_gpio.o
 .debug_frame   0x00001574      0xc84 ./Drivers/STM32F4xx_HAL_Driver/Src/stm32f4xx_hal_i2c.o
 .debug_frame   0x000021f8      0x1f4 ./Drivers/STM32F4xx_HAL_Driver/Src/stm32f4xx_hal_rcc.o
 .debug_frame   0x000023ec      0x954 ./Drivers/STM32F4xx_HAL_Driver/Src/stm32f4xx_hal_uart.o
 .debug_frame   0x00002d40       0x20 D:/STM32CubeIDE/STM32CubeIDE_1.17.0/STM32CubeIDE/plugins/com.st.stm32cube.ide.mcu.externaltools.gnu-tools-for-stm32.12.3.rel1.win32_1.1.0.202410251130/tools/bin/../lib/gcc/arm-none-eabi/12.3.1/../../../../arm-none-eabi/lib/thumb/v7e-m+fp/hard\libc_nano.a(libc_a-memset.o)
 .debug_frame   0x00002d60       0x2c D:/STM32CubeIDE/STM32CubeIDE_1.17.0/STM32CubeIDE/plugins/com.st.stm32cube.ide.mcu.externaltools.gnu-tools-for-stm32.12.3.rel1.win32_1.1.0.202410251130/tools/bin/../lib/gcc/arm-none-eabi/12.3.1/../../../../arm-none-eabi/lib/thumb/v7e-m+fp/hard\libc_nano.a(libc_a-init.o)
 .debug_frame   0x00002d8c       0x2c D:/STM32CubeIDE/STM32CubeIDE_1.17.0/STM32CubeIDE/plugins/com.st.stm32cube.ide.mcu.externaltools.gnu-tools-for-stm32.12.3.rel1.win32_1.1.0.202410251130/tools/bin/../lib/gcc/arm-none-eabi/12.3.1/thumb/v7e-m+fp/hard\libgcc.a(_aeabi_uldivmod.o)
 .debug_frame   0x00002db8       0x34 D:/STM32CubeIDE/STM32CubeIDE_1.17.0/STM32CubeIDE/plugins/com.st.stm32cube.ide.mcu.externaltools.gnu-tools-for-stm32.12.3.rel1.win32_1.1.0.202410251130/tools/bin/../lib/gcc/arm-none-eabi/12.3.1/thumb/v7e-m+fp/hard\libgcc.a(_udivmoddi4.o)

.debug_line_str
                0x00000000       0x56
 .debug_line_str
                0x00000000       0x56 ./Core/Startup/startup_stm32f407vetx.o
