../Device/ProtocolProcessing.c:41:6:frame_send	64	dynamic
../Device/ProtocolProcessing.c:74:5:head_verification	24	static
../Device/ProtocolProcessing.c:90:5:tail_verification	24	static
../Device/ProtocolProcessing.c:108:6:Dacai_Send	32	static
../Device/ProtocolProcessing.c:157:6:instruction_decode	16	static
../Device/ProtocolProcessing.c:190:6:PConectRceive	16	static
../Device/ProtocolProcessing.c:215:6:PConectSend	24	static
../Device/ProtocolProcessing.c:244:6:PConectProcess	8	static
../Device/ProtocolProcessing.c:260:6:DDSend	56	static
